// Jest Snapshot v1, https://jestjs.io/docs/snapshot-testing

exports[`browser.snapshot.html given: [case1] with active browser when: [t0] skill is invoked then: it captures html: stderr 1`] = `""`;

exports[`browser.snapshot.html given: [case1] with active browser when: [t0] skill is invoked then: it captures html: stdout 1`] = `
"
🪨 run solid skill repo=.this/role=any/skill=browser.snapshot.html

🐢 cool

🐚 browser.snapshot html
   └─ .cache/browser.snapshot-html-case1/snapshot.ISOTIME.tabN/snapshot.html
"
`;

exports[`browser.snapshot.html given: [case2] without --tab when: [t0] skill is invoked without --tab then: it fails with usage message: stderr 1`] = `
"
🪨 run solid skill repo=.this/role=any/skill=browser.snapshot.html
   └─ 💥 failed with an error

error: --focused OR (--tab + --url) required

usage:
  rhx browser.snapshot --focused                     # snapshot focused tab
  rhx browser.snapshot --tab 0 --url 'example.com'   # snapshot by index
"
`;

exports[`browser.snapshot.html given: [case2] without --tab when: [t0] skill is invoked without --tab then: it fails with usage message: stdout 1`] = `
"
🪨 run solid skill repo=.this/role=any/skill=browser.snapshot.html

"
`;
